// Jest Snapshot v1, https://goo.gl/fbAQLP

exports[`AddTopic Component render correctly 1`] = `
<AddTopic
  addTopic={[Function]}
>
  <div>
    <form
      className="form-horizontal"
      onSubmit={[Function]}
    >
      <div
        className="form-group"
      >
        <label
          htmlFor="topic"
        >
          Topic:
        </label>
        <textarea
          className="form-control"
          id="topic"
          onChange={[Function]}
          placeholder="A topic doesn't exceed 255 characters."
          rows="5"
          type="text"
          value=""
        />
      </div>
      <div
        className="form-group"
      >
        <button
          className="btn btn-default"
          type="submit"
        >
          Submit
        </button>
        <label
          className="error invisible"
          htmlFor="submit"
        >
           * A topic does not exceed 255 characters
        </label>
      </div>
    </form>
  </div>
</AddTopic>
`;
