// Jest Snapshot v1, https://goo.gl/fbAQLP

exports[`Topic Component render correctly 1`] = `
<li
  className="Topic list-group-item"
>
  <h5>
    This is the title
  </h5>
  <div>
    <button
      className="btn btn-default"
      onClick={[Function]}
      type="button"
    >
      UpVote 
      <span
        className="badge"
      >
        30
      </span>
    </button>
    <button
      className="btn btn-default"
      onClick={[Function]}
      type="button"
    >
      DownVote 
      <span
        className="badge"
      >
        50
      </span>
    </button>
  </div>
</li>
`;
