// Jest Snapshot v1, https://goo.gl/fbAQLP

exports[`TopicList Component render correctly 1`] = `
<div>
  <ol
    className="list-group"
  >
    <Topic
      downVotes={34}
      id={1}
      onDownVoteCallBack={[Function]}
      onUpVoteCallBack={[Function]}
      title="title1"
      upVotes={23}
    />
    <Topic
      downVotes={43}
      id={2}
      onDownVoteCallBack={[Function]}
      onUpVoteCallBack={[Function]}
      title="title2"
      upVotes={32}
    />
  </ol>
</div>
`;
